[2026-05-14 16:02:27] INFO: ============================================================
[2026-05-14 16:02:27] INFO: 新的运行会话开始
[2026-05-14 16:02:27] INFO: ============================================================
[2026-05-14 16:02:27] INFO: 脚本启动
[2026-05-14 16:07:27] WARNING: Exception managing chrome: error decoding response body
[2026-05-14 16:07:28] INFO: 浏览器启动成功
[2026-05-14 16:08:04] WARNING: 检测到未登录状态，等待用户登录
[2026-05-14 16:09:03] INFO: 用户登录完成
[2026-05-14 16:09:17] INFO: 开始智能浏览首页 - 浏览数: 15, 互动率: 50.0%, 发帖率: 60.0%
[2026-05-14 16:09:17] INFO: 触发自动发帖（第 1 次循环）
[2026-05-14 16:09:26] INFO: 发布微博成功: 今天学到了一个新技能，很开心
[2026-05-14 16:10:47] INFO: 评论成功: 棒
[2026-05-14 16:10:54] INFO: 转发成功
[2026-05-14 16:11:27] INFO: 评论成功: 受教了
[2026-05-14 16:11:38] INFO: 触发自动发帖（第 3 次循环）
[2026-05-14 16:11:47] INFO: 发布微博成功: 分享一下最近的读书笔记
[2026-05-14 16:13:15] INFO: 触发自动发帖（第 5 次循环）
[2026-05-14 16:13:24] INFO: 发布微博成功: 周一加油！这周也要元气满满！
[2026-05-14 16:14:38] INFO: 触发自动发帖（第 6 次循环）
[2026-05-14 16:14:46] INFO: 发布微博成功: 保持好奇心，保持童心
[2026-05-14 16:16:08] INFO: 触发自动发帖（第 7 次循环）
[2026-05-14 16:16:16] INFO: 发布微博成功: 今天也要开心呀！
[2026-05-14 16:17:46] INFO: 评论成功: 很棒
[2026-05-14 16:18:14] INFO: 评论成功: 感动
[2026-05-14 16:19:03] INFO: 评论成功: 火
[2026-05-14 16:19:11] INFO: 转发成功
[2026-05-14 16:20:18] INFO: 转发成功
[2026-05-14 16:20:47] INFO: 触发自动发帖（第 15 次循环）
[2026-05-14 16:20:56] INFO: 发布微博成功: 简单的生活，简单的快乐
[2026-05-14 16:21:03] WARNING: 用户中断程序（Ctrl+C）
[2026-05-14 16:21:06] INFO: ============================================================
[2026-05-14 16:21:06] INFO: 新的运行会话开始
[2026-05-14 16:21:06] INFO: ============================================================
[2026-05-14 16:21:06] INFO: 脚本启动
[2026-05-14 16:26:06] WARNING: Exception managing chrome: error decoding response body
[2026-05-14 16:26:07] INFO: 浏览器启动成功
[2026-05-14 16:26:38] WARNING: 检测到未登录状态，等待用户登录
[2026-05-14 16:30:03] INFO: 用户登录完成
[2026-05-14 16:30:21] INFO: 开始智能浏览首页 - 浏览数: 15, 互动率: 80.0%, 发帖率: 10.0%
[2026-05-14 16:30:41] INFO: 评论成功: 好暖
[2026-05-14 16:30:49] INFO: 转发成功
[2026-05-14 16:31:12] INFO: 点赞成功
[2026-05-14 16:31:54] INFO: 评论成功: 支持一下
[2026-05-14 16:32:01] INFO: 转发成功
[2026-05-14 16:32:39] INFO: 转发成功
[2026-05-14 16:33:24] INFO: 评论成功: 给力
[2026-05-14 16:34:11] INFO: 评论成功: 一针见血
[2026-05-14 16:34:18] INFO: 转发成功
[2026-05-14 16:34:55] INFO: 转发成功
[2026-05-14 16:35:10] INFO: 触发自动发帖（第 11 次循环）
[2026-05-14 16:35:19] INFO: 发布微博成功: 每一天都是新的开始
[2026-05-14 16:36:47] INFO: 评论成功: 确实如此
[2026-05-14 16:36:54] INFO: 转发成功
[2026-05-14 16:37:32] INFO: 评论成功: 厉害厉害
[2026-05-14 16:37:40] INFO: 转发成功
[2026-05-14 16:38:16] INFO: 评论成功: 受教了
[2026-05-14 16:38:23] INFO: 转发成功
[2026-05-14 16:39:21] INFO: 评论成功: 破防了
[2026-05-14 16:41:17] INFO: 评论成功: 涨姿势了
[2026-05-14 16:41:24] INFO: 转发成功
[2026-05-14 16:41:37] INFO: 浏览完成 - 浏览: 15, 互动: 25, 发帖: 1
[2026-05-14 16:44:20] INFO: 浏览器已关闭，程序结束
[2026-05-14 16:44:20] INFO: ============================================================

[2026-05-14 16:59:12] INFO: ============================================================
[2026-05-14 16:59:12] INFO: 新的运行会话开始
[2026-05-14 16:59:12] INFO: ============================================================
[2026-05-14 16:59:12] INFO: 脚本启动
[2026-05-14 17:04:13] WARNING: Exception managing chrome: error decoding response body
[2026-05-14 17:04:14] INFO: 浏览器启动成功
[2026-05-14 17:04:57] WARNING: 检测到未登录状态，等待用户登录
[2026-05-14 17:05:43] INFO: 用户登录完成
[2026-05-14 17:05:55] INFO: 开始智能浏览首页 - 浏览数: 20, 互动率: 50.0%, 发帖率: 10.0%
[2026-05-14 17:06:11] INFO: 点赞成功（已验证）
[2026-05-14 17:06:11] INFO: 详情页点赞成功
[2026-05-14 17:06:19] INFO: 转发成功
[2026-05-14 17:06:57] INFO: 点赞成功（已验证）
[2026-05-14 17:06:57] INFO: 详情页点赞成功
[2026-05-14 17:07:03] INFO: 评论成功: 强
[2026-05-14 17:07:10] INFO: 转发成功
[2026-05-14 17:08:39] INFO: 点赞成功（已验证）
[2026-05-14 17:08:39] INFO: 详情页点赞成功
[2026-05-14 17:08:49] WARNING: 转发失败：未找到转发按钮
[2026-05-14 17:09:17] INFO: 点赞成功（已验证）
[2026-05-14 17:09:17] INFO: 详情页点赞成功
[2026-05-14 17:09:25] INFO: 转发成功
[2026-05-14 17:09:58] INFO: 点赞成功（已验证）
[2026-05-14 17:09:58] INFO: 详情页点赞成功
[2026-05-14 17:10:04] INFO: 评论成功: get到了
[2026-05-14 17:11:47] INFO: 触发自动发帖（第 12 次循环）
[2026-05-14 17:11:56] INFO: 发布微博成功: 分享一下今天的好心情
[2026-05-14 17:14:10] INFO: 点赞成功（已验证）
[2026-05-14 17:14:10] INFO: 详情页点赞成功
[2026-05-14 17:14:18] INFO: 转发成功
[2026-05-14 17:14:48] INFO: 触发自动发帖（第 17 次循环）
[2026-05-14 17:14:57] INFO: 发布微博成功: 读了一本好书，受益匪浅
[2026-05-14 17:16:23] INFO: 点赞成功（已验证）
[2026-05-14 17:16:23] INFO: 详情页点赞成功
[2026-05-14 17:16:34] WARNING: 转发失败：未找到转发按钮
[2026-05-14 17:17:38] INFO: 点赞成功（已验证）
[2026-05-14 17:17:38] INFO: 详情页点赞成功
[2026-05-14 17:17:44] INFO: 评论成功: 受益匪浅
[2026-05-14 17:17:52] INFO: 转发成功
[2026-05-14 17:18:13] INFO: 浏览完成 - 浏览: 20, 互动: 16, 发帖: 2
[2026-05-14 17:20:19] INFO: 浏览器已关闭，程序结束
[2026-05-14 17:20:19] INFO: ============================================================

[2026-05-14 17:20:20] INFO: ============================================================
[2026-05-14 17:20:20] INFO: 新的运行会话开始
[2026-05-14 17:20:20] INFO: ============================================================
[2026-05-14 17:20:20] INFO: 脚本启动
[2026-05-14 17:25:21] WARNING: Exception managing chrome: error decoding response body
[2026-05-14 17:25:22] INFO: 浏览器启动成功
[2026-05-14 17:26:01] WARNING: 检测到未登录状态，等待用户登录
[2026-05-14 17:26:48] INFO: 用户登录完成
[2026-05-14 17:27:00] INFO: 开始智能浏览首页 - 浏览数: 15, 互动率: 50.0%, 发帖率: 10.0%
[2026-05-14 17:27:46] INFO: 点赞成功（已验证）
[2026-05-14 17:27:46] INFO: 详情页点赞成功
[2026-05-14 17:27:52] INFO: 评论成功: 破防了
[2026-05-14 17:28:22] INFO: 评论成功: 泪目
[2026-05-14 17:28:30] INFO: 转发成功
[2026-05-14 17:29:22] INFO: 点赞成功（已验证）
[2026-05-14 17:29:22] INFO: 详情页点赞成功
[2026-05-14 17:29:28] INFO: 评论成功: 高手
[2026-05-14 17:29:35] INFO: 转发成功
[2026-05-14 17:30:18] INFO: 点赞成功（已验证）
[2026-05-14 17:30:18] INFO: 详情页点赞成功
[2026-05-14 17:30:24] INFO: 评论成功: nb
[2026-05-14 17:30:50] INFO: 点赞成功（已验证）
[2026-05-14 17:30:50] INFO: 详情页点赞成功
[2026-05-14 17:30:55] INFO: 评论成功: 高手
[2026-05-14 17:31:03] INFO: 转发成功
[2026-05-14 17:31:33] INFO: 点赞成功（已验证）
[2026-05-14 17:31:33] INFO: 详情页点赞成功
[2026-05-14 17:31:39] INFO: 评论成功: 我也是
[2026-05-14 17:31:46] INFO: 转发成功
[2026-05-14 17:32:18] INFO: 点赞成功（已验证）
[2026-05-14 17:32:18] INFO: 详情页点赞成功
[2026-05-14 17:32:23] INFO: 评论成功: 强
[2026-05-14 17:32:31] INFO: 转发成功
[2026-05-14 17:33:08] INFO: 点赞成功（已验证）
[2026-05-14 17:33:08] INFO: 详情页点赞成功
[2026-05-14 17:33:13] INFO: 评论成功: 泪目
[2026-05-14 17:33:21] INFO: 转发成功
[2026-05-14 17:34:09] INFO: 点赞成功（已验证）
[2026-05-14 17:34:09] INFO: 详情页点赞成功
[2026-05-14 17:34:14] INFO: 评论成功: 强
[2026-05-14 17:34:22] INFO: 转发成功
[2026-05-14 17:34:43] INFO: 浏览完成 - 浏览: 14, 互动: 24, 发帖: 0
[2026-05-14 17:48:27] INFO: 浏览器已关闭，程序结束
[2026-05-14 17:48:27] INFO: ============================================================

[2026-05-14 22:08:17] INFO: ============================================================
[2026-05-14 22:08:17] INFO: 新的运行会话开始
[2026-05-14 22:08:17] INFO: ============================================================
[2026-05-14 22:08:17] INFO: 脚本启动
[2026-05-14 22:08:19] INFO: 浏览器启动成功
[2026-05-14 22:08:54] WARNING: 检测到未登录状态，等待用户登录
[2026-05-14 22:09:09] INFO: 用户登录完成
[2026-05-14 22:09:15] INFO: 用户主动退出程序
[2026-05-14 22:09:16] INFO: 浏览器已关闭，程序结束
[2026-05-14 22:09:16] INFO: ============================================================

[2026-05-14 22:09:18] INFO: ============================================================
[2026-05-14 22:09:18] INFO: 新的运行会话开始
[2026-05-14 22:09:18] INFO: ============================================================
[2026-05-14 22:09:18] INFO: 脚本启动
[2026-05-14 22:09:19] INFO: 浏览器启动成功
[2026-05-14 22:09:29] INFO: 已登录状态
[2026-05-14 22:11:04] INFO: 用户主动退出程序
[2026-05-14 22:11:05] INFO: 浏览器已关闭，程序结束
[2026-05-14 22:11:05] INFO: ============================================================

[2026-05-14 22:11:06] INFO: ============================================================
[2026-05-14 22:11:06] INFO: 新的运行会话开始
[2026-05-14 22:11:06] INFO: ============================================================
[2026-05-14 22:11:06] INFO: 脚本启动
[2026-05-14 22:11:07] INFO: 浏览器启动成功
[2026-05-14 22:11:20] INFO: 已登录状态
[2026-05-14 22:11:41] INFO: 用户主动退出程序
[2026-05-14 22:11:42] INFO: 浏览器已关闭，程序结束
[2026-05-14 22:11:42] INFO: ============================================================

[2026-05-15 17:20:54] INFO: ============================================================
[2026-05-15 17:20:54] INFO: 新的运行会话开始
[2026-05-15 17:20:54] INFO: ============================================================
[2026-05-15 17:20:54] INFO: 脚本启动
[2026-05-15 17:20:55] INFO: 浏览器启动成功
[2026-05-15 17:21:11] INFO: 已登录状态
[2026-05-15 17:21:23] INFO: 开始点赞测试
[2026-05-15 17:21:38] INFO: 点赞成功（已验证）
[2026-05-15 17:22:04] INFO: 浏览完成 - 浏览: 3, 互动: 1, 点赞: 1, 评论: 0, 转发: 0
[2026-05-15 17:22:07] INFO: 浏览器已关闭，程序结束
[2026-05-15 17:22:07] INFO: ============================================================

[2026-05-15 17:22:08] INFO: ============================================================
[2026-05-15 17:22:08] INFO: 新的运行会话开始
[2026-05-15 17:22:08] INFO: ============================================================
[2026-05-15 17:22:08] INFO: 脚本启动
[2026-05-15 17:22:10] INFO: 浏览器启动成功
[2026-05-15 17:22:35] INFO: 已登录状态
[2026-05-15 17:22:38] INFO: 开始点赞测试
[2026-05-15 17:22:53] INFO: 点赞成功（已验证）
[2026-05-15 17:23:20] INFO: 浏览完成 - 浏览: 3, 互动: 1, 点赞: 1, 评论: 0, 转发: 0
[2026-05-15 17:23:24] INFO: 浏览器已关闭，程序结束
[2026-05-15 17:23:24] INFO: ============================================================

[2026-05-15 17:23:25] INFO: ============================================================
[2026-05-15 17:23:25] INFO: 新的运行会话开始
[2026-05-15 17:23:25] INFO: ============================================================
[2026-05-15 17:23:25] INFO: 脚本启动
[2026-05-15 17:28:26] WARNING: Exception managing chrome: error decoding response body
[2026-05-15 17:28:27] INFO: 浏览器启动成功
[2026-05-15 17:28:42] INFO: 已登录状态
[2026-05-15 17:28:48] INFO: 开始评论测试
[2026-05-15 17:29:05] INFO: 评论成功: 深有同感
[2026-05-15 17:29:34] INFO: 浏览完成 - 浏览: 3, 互动: 1, 点赞: 0, 评论: 1, 转发: 0
[2026-05-15 17:29:40] INFO: 浏览器已关闭，程序结束
[2026-05-15 17:29:40] INFO: ============================================================

[2026-05-15 17:29:41] INFO: ============================================================
[2026-05-15 17:29:41] INFO: 新的运行会话开始
[2026-05-15 17:29:41] INFO: ============================================================
[2026-05-15 17:29:41] INFO: 脚本启动
[2026-05-15 17:34:25] INFO: 浏览器启动成功
[2026-05-15 17:34:52] INFO: 已登录状态
[2026-05-15 17:34:58] INFO: 开始转发测试
[2026-05-15 17:35:18] INFO: 转发成功
[2026-05-15 17:36:02] INFO: 浏览完成 - 浏览: 3, 互动: 1, 点赞: 0, 评论: 0, 转发: 1
[2026-05-15 17:36:04] INFO: 浏览器已关闭，程序结束
[2026-05-15 17:36:04] INFO: ============================================================

[2026-05-15 17:36:05] INFO: ============================================================
[2026-05-15 17:36:05] INFO: 新的运行会话开始
[2026-05-15 17:36:05] INFO: ============================================================
[2026-05-15 17:36:05] INFO: 脚本启动
[2026-05-15 17:36:07] INFO: 浏览器启动成功
[2026-05-15 17:36:18] INFO: 已登录状态
[2026-05-15 17:36:21] INFO: 开始转发测试
[2026-05-15 17:36:41] INFO: 转发成功
[2026-05-15 17:37:37] INFO: 浏览完成 - 浏览: 3, 互动: 1, 点赞: 0, 评论: 0, 转发: 1
[2026-05-15 17:37:50] INFO: 浏览器已关闭，程序结束
[2026-05-15 17:37:50] INFO: ============================================================

[2026-05-15 17:37:52] INFO: ============================================================
[2026-05-15 17:37:52] INFO: 新的运行会话开始
[2026-05-15 17:37:52] INFO: ============================================================
[2026-05-15 17:37:52] INFO: 脚本启动
[2026-05-15 17:37:54] INFO: 浏览器启动成功
[2026-05-15 17:38:08] INFO: 已登录状态
[2026-05-15 17:38:16] INFO: 开始转发测试
[2026-05-15 17:38:36] INFO: 转发成功
[2026-05-15 17:39:07] INFO: 浏览完成 - 浏览: 3, 互动: 1, 点赞: 0, 评论: 0, 转发: 1
[2026-05-15 17:39:28] INFO: 浏览器已关闭，程序结束
[2026-05-15 17:39:28] INFO: ============================================================

[2026-05-15 17:40:03] INFO: ============================================================
[2026-05-15 17:40:03] INFO: 新的运行会话开始
[2026-05-15 17:40:03] INFO: ============================================================
[2026-05-15 17:40:03] INFO: 脚本启动
[2026-05-15 17:40:04] INFO: 浏览器启动成功
[2026-05-15 17:40:21] INFO: 已登录状态
[2026-05-15 17:40:27] INFO: 开始转发测试
[2026-05-15 17:40:48] INFO: 转发成功
[2026-05-15 17:41:27] INFO: 浏览完成 - 浏览: 3, 互动: 1, 点赞: 0, 评论: 0, 转发: 1
[2026-05-15 17:41:31] INFO: 浏览器已关闭，程序结束
[2026-05-15 17:41:31] INFO: ============================================================

[2026-05-15 17:41:32] INFO: ============================================================
[2026-05-15 17:41:32] INFO: 新的运行会话开始
[2026-05-15 17:41:32] INFO: ============================================================
[2026-05-15 17:41:32] INFO: 脚本启动
[2026-05-15 17:41:33] INFO: 浏览器启动成功
[2026-05-15 17:41:46] INFO: 已登录状态
[2026-05-15 17:41:54] INFO: 开始发帖测试
[2026-05-15 17:42:03] INFO: 发布微博成功: 越努力越幸运
[2026-05-15 17:44:47] INFO: 浏览器已关闭，程序结束
[2026-05-15 17:44:47] INFO: ============================================================

[2026-05-15 17:45:00] INFO: ============================================================
[2026-05-15 17:45:00] INFO: 新的运行会话开始
[2026-05-15 17:45:00] INFO: ============================================================
[2026-05-15 17:45:00] INFO: 脚本启动
[2026-05-15 17:45:02] INFO: 浏览器启动成功
[2026-05-15 17:45:18] INFO: 已登录状态
[2026-05-15 17:45:23] INFO: 开始转发测试
[2026-05-15 17:45:47] INFO: 转发成功
[2026-05-15 17:46:29] INFO: 浏览完成 - 浏览: 3, 互动: 1, 点赞: 0, 评论: 0, 转发: 1
[2026-05-15 17:48:38] INFO: 浏览器已关闭，程序结束
[2026-05-15 17:48:38] INFO: ============================================================

[2026-05-15 17:48:40] INFO: ============================================================
[2026-05-15 17:48:40] INFO: 新的运行会话开始
[2026-05-15 17:48:40] INFO: ============================================================
[2026-05-15 17:48:40] INFO: 脚本启动
[2026-05-15 17:48:41] INFO: 浏览器启动成功
[2026-05-15 17:48:54] INFO: 已登录状态
[2026-05-15 17:48:59] INFO: 开始转发测试
[2026-05-15 17:49:18] INFO: 转发成功
[2026-05-15 17:49:51] INFO: 浏览完成 - 浏览: 3, 互动: 1, 点赞: 0, 评论: 0, 转发: 1
[2026-05-15 17:49:56] INFO: 浏览器已关闭，程序结束
[2026-05-15 17:49:56] INFO: ============================================================

[2026-05-15 17:50:01] INFO: ============================================================
[2026-05-15 17:50:01] INFO: 新的运行会话开始
[2026-05-15 17:50:01] INFO: ============================================================
[2026-05-15 17:50:01] INFO: 脚本启动
[2026-05-15 17:50:03] INFO: 浏览器启动成功
[2026-05-15 17:50:19] INFO: 已登录状态
[2026-05-15 17:50:33] INFO: 用户主动退出程序
[2026-05-15 17:50:34] INFO: 浏览器已关闭，程序结束
[2026-05-15 17:50:34] INFO: ============================================================

[2026-05-15 18:02:21] INFO: ============================================================
[2026-05-15 18:02:21] INFO: 新的运行会话开始
[2026-05-15 18:02:21] INFO: ============================================================
[2026-05-15 18:02:21] INFO: 脚本启动
[2026-05-15 18:02:23] INFO: 浏览器启动成功
[2026-05-15 18:02:36] INFO: 已登录状态
[2026-05-15 18:02:39] INFO: 开始评论测试
[2026-05-15 18:02:59] INFO: 评论成功: 可以展开讲讲吗
[2026-05-15 18:03:34] INFO: 浏览完成 - 浏览: 3, 互动: 1, 点赞: 0, 评论: 1, 转发: 0
[2026-05-15 18:03:36] INFO: 浏览器已关闭，程序结束
[2026-05-15 18:03:36] INFO: ============================================================

[2026-05-15 18:03:38] INFO: ============================================================
[2026-05-15 18:03:38] INFO: 新的运行会话开始
[2026-05-15 18:03:38] INFO: ============================================================
[2026-05-15 18:03:38] INFO: 脚本启动
[2026-05-15 18:03:39] INFO: 浏览器启动成功
[2026-05-15 18:03:56] INFO: 已登录状态
[2026-05-15 18:04:01] INFO: 开始转发测试
[2026-05-15 18:04:23] INFO: 转发成功
[2026-05-15 18:05:03] INFO: 浏览完成 - 浏览: 3, 互动: 1, 点赞: 0, 评论: 0, 转发: 1
[2026-05-15 18:05:06] INFO: 浏览器已关闭，程序结束
[2026-05-15 18:05:06] INFO: ============================================================

[2026-05-15 18:05:07] INFO: ============================================================
[2026-05-15 18:05:07] INFO: 新的运行会话开始
[2026-05-15 18:05:07] INFO: ============================================================
[2026-05-15 18:05:07] INFO: 脚本启动
[2026-05-15 18:05:09] INFO: 浏览器启动成功
[2026-05-15 18:05:18] INFO: 已登录状态
[2026-05-15 18:06:06] INFO: 开始发帖测试
[2026-05-15 18:06:06] INFO: 触发自动发帖（第 1 次循环）
[2026-05-15 18:06:14] INFO: 发布微博成功: 岁月静好
[2026-05-15 18:07:43] INFO: 浏览完成 - 浏览: 3, 互动: 0, 点赞: 0, 评论: 0, 转发: 0, 发帖: 1
[2026-05-15 18:07:47] INFO: 浏览器已关闭，程序结束
[2026-05-15 18:07:47] INFO: ============================================================

[2026-05-15 18:07:48] INFO: ============================================================
[2026-05-15 18:07:48] INFO: 新的运行会话开始
[2026-05-15 18:07:48] INFO: ============================================================
[2026-05-15 18:07:48] INFO: 脚本启动
[2026-05-15 18:07:50] INFO: 浏览器启动成功
[2026-05-15 18:08:06] INFO: 已登录状态
[2026-05-15 18:08:08] INFO: 开始纯浏览测试
[2026-05-15 18:08:38] INFO: 浏览完成 - 浏览: 3, 互动: 0, 点赞: 0, 评论: 0, 转发: 0
[2026-05-15 18:08:47] INFO: 浏览器已关闭，程序结束
[2026-05-15 18:08:47] INFO: ============================================================

[2026-05-15 22:39:53] INFO: ============================================================
[2026-05-15 22:39:53] INFO: 新的运行会话开始
[2026-05-15 22:39:53] INFO: ============================================================
[2026-05-15 22:39:53] INFO: 脚本启动
[2026-05-15 22:44:54] WARNING: Exception managing chrome: error decoding response body
[2026-05-15 22:57:53] INFO: ============================================================
[2026-05-15 22:57:53] INFO: 新的运行会话开始
[2026-05-15 22:57:53] INFO: ============================================================
[2026-05-15 22:57:53] INFO: 脚本启动
[2026-05-15 23:02:53] WARNING: Exception managing chrome: error decoding response body
[2026-05-15 23:02:54] INFO: 浏览器启动成功
[2026-05-15 23:03:13] INFO: 已登录状态
[2026-05-15 23:03:37] INFO: 开始发帖测试
[2026-05-15 23:03:37] INFO: 触发自动发帖（第 1 次循环）
[2026-05-15 23:03:46] INFO: 发布微博成功: 每天都要加油鸭
[2026-05-15 23:04:17] WARNING: 用户中断程序（Ctrl+C）
[2026-05-17 20:28:11] INFO: ============================================================
[2026-05-17 20:28:11] INFO: 新的运行会话开始
[2026-05-17 20:28:11] INFO: ============================================================
[2026-05-17 20:28:11] INFO: 脚本启动
[2026-05-17 20:28:56] INFO: ============================================================
[2026-05-17 20:28:56] INFO: 新的运行会话开始
[2026-05-17 20:28:56] INFO: ============================================================
[2026-05-17 20:28:56] INFO: 脚本启动
[2026-05-18 11:58:38] INFO: ============================================================
[2026-05-18 11:58:38] INFO: 新的运行会话开始
[2026-05-18 11:58:38] INFO: ============================================================
[2026-05-18 11:58:38] INFO: 脚本启动
[2026-05-18 11:58:50] INFO: ============================================================
[2026-05-18 11:58:50] INFO: 新的运行会话开始
[2026-05-18 11:58:50] INFO: ============================================================
[2026-05-18 11:58:50] INFO: 脚本启动
[2026-05-18 11:58:51] INFO: 浏览器启动成功
[2026-05-18 11:59:04] INFO: 已登录状态
[2026-05-18 11:59:22] INFO: 开始发帖测试
[2026-05-18 11:59:22] INFO: 触发自动发帖（第 1 次循环）
[2026-05-18 11:59:31] INFO: 发布微博成功: 保持热爱，奔赴山海
[2026-05-18 12:00:28] INFO: 浏览完成 - 浏览: 3, 互动: 0, 点赞: 0, 评论: 0, 转发: 0, 发帖: 1
[2026-05-18 12:01:41] INFO: 浏览器已关闭，程序结束
[2026-05-18 12:01:41] INFO: ============================================================

[2026-05-18 12:03:10] INFO: ============================================================
[2026-05-18 12:03:10] INFO: 新的运行会话开始
[2026-05-18 12:03:10] INFO: ============================================================
[2026-05-18 12:03:10] INFO: 脚本启动
[2026-05-18 15:47:32] INFO: ============================================================
[2026-05-18 15:47:32] INFO: 新的运行会话开始
[2026-05-18 15:47:32] INFO: ============================================================
[2026-05-18 15:47:32] INFO: 脚本启动
[2026-05-18 15:47:33] INFO: 浏览器启动成功
[2026-05-18 15:47:47] INFO: 已登录状态
[2026-05-18 15:47:52] INFO: 开始发帖测试
[2026-05-18 15:47:52] INFO: 触发自动发帖（第 1 次循环）
[2026-05-18 15:48:01] INFO: 发布微博成功: 周末愉快
[2026-05-18 15:48:58] INFO: 浏览完成 - 浏览: 3, 互动: 0, 点赞: 0, 评论: 0, 转发: 0, 发帖: 1
[2026-05-18 15:55:17] INFO: 浏览器已关闭，程序结束
[2026-05-18 15:55:17] INFO: ============================================================

[2026-05-19 17:33:17] INFO: ============================================================
[2026-05-19 17:33:17] INFO: 新的运行会话开始
[2026-05-19 17:33:17] INFO: ============================================================
[2026-05-19 17:33:17] INFO: 脚本启动
[2026-05-19 17:33:18] INFO: 浏览器启动成功
[2026-05-19 17:33:59] WARNING: 检测到未登录状态，等待用户登录
[2026-05-19 17:33:59] WARNING: 用户中断程序（Ctrl+C）
[2026-05-19 17:35:32] INFO: ============================================================
[2026-05-19 17:35:32] INFO: 新的运行会话开始
[2026-05-19 17:35:32] INFO: ============================================================
[2026-05-19 17:35:32] INFO: 脚本启动
[2026-05-19 17:35:33] INFO: 浏览器启动成功
[2026-05-19 17:35:56] WARNING: 用户中断程序（Ctrl+C）
[2026-05-19 17:35:57] WARNING: Retrying (Retry(total=2, connect=None, read=None, redirect=None, status=None)) after connection broken by 'NewConnectionError("HTTPConnection(host='localhost', port=52336): Failed to establish a new connection: [Errno 61] Connection refused")': /session/5377611965604372f7e71553b97e3cf7
[2026-05-19 17:35:57] WARNING: Retrying (Retry(total=1, connect=None, read=None, redirect=None, status=None)) after connection broken by 'NewConnectionError("HTTPConnection(host='localhost', port=52336): Failed to establish a new connection: [Errno 61] Connection refused")': /session/5377611965604372f7e71553b97e3cf7
[2026-05-19 17:35:57] WARNING: Retrying (Retry(total=0, connect=None, read=None, redirect=None, status=None)) after connection broken by 'NewConnectionError("HTTPConnection(host='localhost', port=52336): Failed to establish a new connection: [Errno 61] Connection refused")': /session/5377611965604372f7e71553b97e3cf7
[2026-05-19 17:35:57] INFO: 浏览器已关闭，程序结束
[2026-05-19 17:35:57] INFO: ============================================================

[2026-05-19 17:37:29] INFO: ============================================================
[2026-05-19 17:37:29] INFO: 新的运行会话开始
[2026-05-19 17:37:29] INFO: ============================================================
[2026-05-19 17:37:29] INFO: 脚本启动
[2026-05-19 17:37:30] INFO: 浏览器启动成功
[2026-05-19 17:37:40] INFO: 已登录状态
[2026-05-19 17:39:02] INFO: 开始纯浏览测试
[2026-05-19 17:39:15] WARNING: 用户中断程序（Ctrl+C）
[2026-05-19 17:39:16] WARNING: Retrying (Retry(total=2, connect=None, read=None, redirect=None, status=None)) after connection broken by 'NewConnectionError("HTTPConnection(host='localhost', port=52671): Failed to establish a new connection: [Errno 61] Connection refused")': /session/f0434e0e7561c25fe49d372e6a88b7ab
[2026-05-19 17:39:16] WARNING: Retrying (Retry(total=1, connect=None, read=None, redirect=None, status=None)) after connection broken by 'NewConnectionError("HTTPConnection(host='localhost', port=52671): Failed to establish a new connection: [Errno 61] Connection refused")': /session/f0434e0e7561c25fe49d372e6a88b7ab
[2026-05-19 17:39:16] WARNING: Retrying (Retry(total=0, connect=None, read=None, redirect=None, status=None)) after connection broken by 'NewConnectionError("HTTPConnection(host='localhost', port=52671): Failed to establish a new connection: [Errno 61] Connection refused")': /session/f0434e0e7561c25fe49d372e6a88b7ab
[2026-05-19 17:39:16] INFO: 浏览器已关闭，程序结束
[2026-05-19 17:39:16] INFO: ============================================================

[2026-05-20 14:34:10] INFO: ============================================================
[2026-05-20 14:34:10] INFO: 新的运行会话开始
[2026-05-20 14:34:10] INFO: ============================================================
[2026-05-20 14:34:10] INFO: 脚本启动
[2026-05-20 14:34:12] INFO: 浏览器启动成功
[2026-05-20 14:34:22] INFO: 已登录状态
[2026-05-20 14:34:27] INFO: 开始发帖测试
[2026-05-20 14:34:27] INFO: 触发自动发帖（第 1 次循环）
[2026-05-20 14:34:30] INFO: 发布微博成功: 相信自己
[2026-05-20 14:34:39] WARNING: 用户中断程序（Ctrl+C）
[2026-05-20 14:34:39] WARNING: Retrying (Retry(total=2, connect=None, read=None, redirect=None, status=None)) after connection broken by 'NewConnectionError("HTTPConnection(host='localhost', port=52578): Failed to establish a new connection: [Errno 61] Connection refused")': /session/8a47f9159eed3fdd585f75f64f51fa0d
[2026-05-20 14:34:39] WARNING: Retrying (Retry(total=1, connect=None, read=None, redirect=None, status=None)) after connection broken by 'NewConnectionError("HTTPConnection(host='localhost', port=52578): Failed to establish a new connection: [Errno 61] Connection refused")': /session/8a47f9159eed3fdd585f75f64f51fa0d
[2026-05-20 14:34:39] WARNING: Retrying (Retry(total=0, connect=None, read=None, redirect=None, status=None)) after connection broken by 'NewConnectionError("HTTPConnection(host='localhost', port=52578): Failed to establish a new connection: [Errno 61] Connection refused")': /session/8a47f9159eed3fdd585f75f64f51fa0d
[2026-05-20 14:34:39] INFO: 浏览器已关闭，程序结束
[2026-05-20 14:34:39] INFO: ============================================================

[2026-05-20 23:43:22] INFO: ============================================================
[2026-05-20 23:43:22] INFO: 新的运行会话开始
[2026-05-20 23:43:22] INFO: ============================================================
[2026-05-20 23:43:22] INFO: 脚本启动
[2026-05-20 23:43:23] INFO: 浏览器启动成功
[2026-05-20 23:43:43] INFO: 已登录状态
[2026-05-20 23:44:24] INFO: 浏览器已关闭，程序结束
[2026-05-20 23:44:24] INFO: ============================================================

